// Jest Snapshot v1, https://goo.gl/fbAQLP

exports[`Header render should render with all props 1`] = `null`;
